// Jest Snapshot v1, https://goo.gl/fbAQLP

exports[`Cronus computer and network display renders correctly 1`] = `
.c0 svg {
  width: 100%;
  height: 100%;
}

<Styled(UCronusCompNetDisplay)
  time="2019-11-19T15:00:00"
  values={
    Object {
      "compNet": Object {
        "loadCmds": 11248,
        "standardCmds": 10466,
        "time": "",
      },
    }
  }
>
  <UCronusCompNetDisplay
    className="c0"
    time="2019-11-19T15:00:00"
    values={
      Object {
        "compNet": Object {
          "loadCmds": 11248,
          "standardCmds": 10466,
          "time": "",
        },
      }
    }
  >
    <div
      className="c0"
    >
      <svg
        preserveAspectRatio="xMidYMid meet"
        viewBox="0 0 1300 990"
      >
        <image
          height={990}
          href="/media/Cronus_1.png"
          width={1300}
          x={0}
          y={0}
        />
        <rect
          height="50"
          rx="5"
          ry="5"
          style={
            Object {
              "fill": "#000000",
            }
          }
          width="200"
          x="1055"
          y="180"
        />
        <rect
          height="50"
          rx="5"
          ry="5"
          style={
            Object {
              "fill": "#000000",
            }
          }
          width="100"
          x="1110"
          y="230"
        />
        <rect
          height="50"
          rx="5"
          ry="5"
          style={
            Object {
              "fill": "#000000",
            }
          }
          width="100"
          x="1110"
          y="250"
        />
        <text
          fill="#d6ab62"
          fontFamily="Verdana"
          fontSize="20"
          x="1080"
          y="217"
        >
          323/15:00
           GMT
        </text>
        <text
          fill="#d6ab62"
          fontFamily="Verdana"
          fontSize="20"
          x="1130"
          y="257"
        >
          10466
        </text>
        <text
          fill="#d6ab62"
          fontFamily="Verdana"
          fontSize="20"
          x="1100"
          y="295"
        >
          11248
        </text>
      </svg>
    </div>
  </UCronusCompNetDisplay>
</Styled(UCronusCompNetDisplay)>
`;
