// Jest Snapshot v1, https://goo.gl/fbAQLP

exports[`Astronaut2 display renders correctly 1`] = `
<g
  id="bme-vital-signs-astronaut1"
>
  <rect
    height="450"
    rx="5"
    ry="5"
    style={
      Object {
        "fill": "#333333",
        "opacity": 0.5,
        "stroke": "#393939",
        "strokeWidth": 5,
      }
    }
    width="650"
    x="50%"
    y="3%"
  />
  <image
    height={150}
    href="/media/Bme_2.gif"
    width={150}
    x="72%"
    y="7.5%"
  />
  <image
    height={500}
    href="/media/Bme_Andrew_R_Morgan.jpg"
    width={250}
    x="52%"
    y="0%"
  />
  <text
    fill="#EBB249"
    fontFamily="Verdana"
    fontSize="20"
    x="52%"
    y="8%"
  >
    Andrew Morgan
  </text>
  <text
    fill="#EBB249"
    fontFamily="Verdana"
    fontSize="20"
    x="52%"
    y="43%"
  >
    Flight Engineer 2
  </text>
  <text
    fill="white"
    fontFamily="Verdana"
    fontSize="20"
    x="72%"
    y="8%"
  >
    Heart Rate (BPM)
  </text>
  <text
    fill="white"
    fontFamily="Verdana"
    fontSize="12"
    x="84%"
    y="12%"
  >
    Current BPM
  </text>
  <text
    fill="white"
    fontFamily="Verdana"
    fontSize="12"
    x="91%"
    y="12%"
  >
    Max BPM
  </text>
  <text
    fill="#7ef56e"
    fontFamily="Verdana"
    fontSize="20"
    x="84%"
    y="15%"
  >
    0
  </text>
  <text
    fill="#f74848"
    fontFamily="Verdana"
    fontSize="20"
    x="91%"
    y="15%"
  >
    0
  </text>
  <text
    fill="white"
    fontFamily="Verdana"
    fontSize="20"
    x="72%"
    y="25%"
  >
    Blood Pressure (mmHg)
  </text>
  <text
    fill="#7ef56e"
    fontFamily="Verdana"
    fontSize="20"
    x="72%"
    y="28%"
  >
    125
     /
  </text>
  <text
    fill="#7ef56e"
    fontFamily="Verdana"
    fontSize="20"
    x="76.5%"
    y="28%"
  >
    60
  </text>
  <text
    fill="white"
    fontFamily="Verdana"
    fontSize="20"
    x="72%"
    y="33%"
  >
    Temperature (Â°C)
  </text>
  <foreignObject
    fill="black"
    height="125px"
    width="300px"
    x="72%"
    y="34%"
  >
    <Styled(UChart)
      data={
        Object {
          "x": "2019-11-15T15:00:00",
          "y": 37,
        }
      }
    />
  </foreignObject>
</g>
`;
