// Jest Snapshot v1, https://goo.gl/fbAQLP

exports[`EVA2 display renders correctly 1`] = `
<g
  id="bme-EVA-suit-EVA2"
>
  <text
    fill="white"
    fontFamily="Verdana"
    fontSize="50"
    x="67%"
    y="12%"
  >
    EVA 2 - Drew
  </text>
  <text
    fill="white"
    fontFamily="Verdana"
    fontSize="25"
    x="51%"
    y="26%"
  >
    0
  </text>
  <text
    fill="white"
    fontFamily="Verdana"
    fontSize="25"
    x="51%"
    y="41%"
  >
    65
  </text>
  <text
    fill="white"
    fontFamily="Verdana"
    fontSize="25"
    x="51%"
    y="58%"
  >
    80
  </text>
  <text
    fill="white"
    fontFamily="Verdana"
    fontSize="25"
    x="51%"
    y="72%"
  >
    67
  </text>
  <text
    fill="#7ef56e"
    fontFamily="Verdana"
    fontSize="25"
    x="51%"
    y="86%"
  >
     ACTIVE
  </text>
  <image
    height={800}
    href="/media/Bme_EVA_Suit_2.png"
    width={800}
    x="50%"
    y="18%"
  />
</g>
`;
