// Jest Snapshot v1, https://goo.gl/fbAQLP

exports[`Ethos Regen Life Support display renders correctly 1`] = `
.c0 svg {
  width: 100%;
  height: 100%;
}

<Styled(UEthosRegenLifeSupportDisplay)>
  <UEthosRegenLifeSupportDisplay
    className="c0"
  >
    <div
      className="c0"
    >
      <svg
        preserveAspectRatio="xMidYMid meet"
        viewBox="0 0 1300 990"
      >
        <image
          height={990}
          href="/media/Ethos_3.png"
          width={1300}
          x={0}
          y={0}
        />
        <rect
          height="150"
          rx="5"
          ry="5"
          style={
            Object {
              "fill": "#284b5b",
            }
          }
          width="150"
          x={330}
          y={390}
        />
        <rect
          height="150"
          rx="5"
          ry="5"
          style={
            Object {
              "fill": "#284b5b",
            }
          }
          width="150"
          x={930}
          y={310}
        />
        <rect
          height="150"
          rx="5"
          ry="5"
          style={
            Object {
              "fill": "#284b5b",
            }
          }
          width="155"
          x={930}
          y={750}
        />
        <rect
          height="100"
          rx="5"
          ry="5"
          style={
            Object {
              "fill": "#284b5b",
            }
          }
          width="350"
          x={150}
          y={810}
        />
        <HarmonyNode
          values={
            Object {
              "oga": Object {
                "oxygenProductionRate": 0,
              },
              "upa": Object {
                "urineTankLevel": 0,
              },
              "wpa": Object {
                "cleanWaterTankLevel": 0,
                "wastewaterTankLevel": 0,
              },
            }
          }
        >
          <g
            id="ethos-thermal-system-display-density-lab"
          >
            <text
              fill="white"
              fontFamily="Verdana"
              fontSize="20"
              x="27%"
              y="42%"
            >
              Urine Tank 
            </text>
            <text
              fill="white"
              fontFamily="Verdana"
              fontSize="20"
              x="29%"
              y="45%"
            >
              Level 
            </text>
            <text
              fill="#d6ab62"
              fontFamily="Verdana"
              fontSize="20"
              x="29%"
              y="50%"
            >
              0
            </text>
            <text
              fill="white"
              fontFamily="Verdana"
              fontSize="20"
              x="34%"
              y="50%"
            >
              %
            </text>
          </g>
        </HarmonyNode>
        <WaterProcessor
          values={
            Object {
              "oga": Object {
                "oxygenProductionRate": 0,
              },
              "upa": Object {
                "urineTankLevel": 0,
              },
              "wpa": Object {
                "cleanWaterTankLevel": 0,
                "wastewaterTankLevel": 0,
              },
            }
          }
        >
          <g
            id="ethos-thermal-system-display-density-lab"
          >
            <text
              fill="white"
              fontFamily="Verdana"
              fontSize="20"
              x="72.5%"
              y="34.5%"
            >
              Waste Water 
            </text>
            <text
              fill="white"
              fontFamily="Verdana"
              fontSize="20"
              x="73%"
              y="37.5%"
            >
              Tank Level 
            </text>
            <text
              fill="#d6ab62"
              fontFamily="Verdana"
              fontSize="20"
              x="75%"
              y="43%"
            >
              0
            </text>
            <text
              fill="white"
              fontFamily="Verdana"
              fontSize="20"
              x="80%"
              y="43%"
            >
              %
            </text>
            <text
              fill="white"
              fontFamily="Verdana"
              fontSize="20"
              x="72.75%"
              y="78%"
            >
              Clean Water 
            </text>
            <text
              fill="white"
              fontFamily="Verdana"
              fontSize="20"
              x="73%"
              y="81%"
            >
              Tank Level 
            </text>
            <text
              fill="#d6ab62"
              fontFamily="Verdana"
              fontSize="20"
              x="75%"
              y="87%"
            >
              0
            </text>
            <text
              fill="white"
              fontFamily="Verdana"
              fontSize="20"
              x="80%"
              y="87%"
            >
              %
            </text>
          </g>
        </WaterProcessor>
        <OxygenGenerator
          values={
            Object {
              "oga": Object {
                "oxygenProductionRate": 0,
              },
              "upa": Object {
                "urineTankLevel": 0,
              },
              "wpa": Object {
                "cleanWaterTankLevel": 0,
                "wastewaterTankLevel": 0,
              },
            }
          }
        >
          <g
            id="ethos-thermal-system-display-density-lab"
          >
            <text
              fill="white"
              fontFamily="Verdana"
              fontSize="20"
              x="17%"
              y="85%"
            >
              O2 Production Rate 
            </text>
            <text
              fill="#d6ab62"
              fontFamily="Verdana"
              fontSize="20"
              x="20%"
              y="89%"
            >
              0
            </text>
            <text
              fill="white"
              fontFamily="Verdana"
              fontSize="20"
              x="25%"
              y="89%"
            >
              kg/day
            </text>
          </g>
        </OxygenGenerator>
      </svg>
    </div>
  </UEthosRegenLifeSupportDisplay>
</Styled(UEthosRegenLifeSupportDisplay)>
`;
